// Vitest Snapshot v1, https://vitest.dev/guide/snapshot.html

exports[`GifsApp > should render components correctly 1`] = `
<div>
  <div
    class="content-center"
  >
    <h1>
       
      Buscador de Gifs
       
    </h1>
    <p>
       
      Descubre y comparte el Gifs perfecto
       
    </p>
  </div>
  <div
    class="search-container"
  >
    <input
      placeholder="Buscar gifs..."
      type="text"
      value=""
    />
    <button>
      Buscar
    </button>
  </div>
  <div
    class="previous-searches"
  >
    <h2>
      Busquedas Recientes
    </h2>
    <ul
      class="previous-searches-list"
    />
  </div>
  <div
    class="gifs-container"
  />
</div>
`;
